// Jest Snapshot v1, https://goo.gl/fbAQLP

exports[`Testing Footer Component should render correctly 1`] = `
<div>
  <div
    className="footer text-white bg-dark"
  >
    <div
      className="nowTv row"
    >
      <img
        alt="description of IMAGEM"
        className="target"
        src={
          Object {
            "ReactComponent": Object {
              "$$typeof": Symbol(react.forward_ref),
              "render": [Function],
            },
            "__esModule": true,
            "default": "target.svg",
          }
        }
      />
      <div
        className="col-md-auto targetOrange"
      >
         
        NO AR
      </div>
      <div />
      <div
        className="col-md-auto"
      >
         Ultima atulização em: 
      </div>
    </div>
    <div
      className="hour"
    />
    <div
      className="nowTime"
    />
  </div>
</div>
`;
